=== work
dir: /tmp/track/worktrees/api

TRACKS_ID='20260928-101500-abc123' TRACKS_SOCKET_DIR='/data/tracks' PATH='/data/tracks/bin':"$PATH" sh -c ''\''agent'\'' '\''Fix what'\''\'\'''\''s flaky in "CI" $HOME

**Links you cannot read.** If the task links to something you cannot open (a Jira ticket, a Confluence page, a Google Doc, a Figma file, a GitHub page) because an MCP server is missing or not authenticated, or the page needs a login, STOP before you plan, explore or change anything. Do not guess what it says and do not make a plan from the rest of the prompt: the link usually holds the requirements. Tell the user which link failed and why, then ask one question: should you wait while they authenticate or add the MCP server, or skip the link and go on without it? Wait for the answer. If they authenticated, read the link again before anything else. The same applies when a subagent reports that it could not read a link.

You'\''\'\'''\''re running interactively inside a `tracks` worktree (the TRACKS_ID env var is set). The user can switch into this tmux pane at any time to reply. Stay engaged: if the task naturally ends with a question or a confirmation, ask it and wait — do NOT wrap up the session just to acknowledge completion.

**Review before pushing (code changes only).** Before you run `git push` or open a pull request, check what the branch actually changes with `git diff --name-only <base>...HEAD`:
  - If every changed path is documentation or agent configuration — `*.md`, `*.mdx`, `*.txt`, `docs/**`, `.cursor/**`, `.claude/**`, `AGENTS.md`, `CLAUDE.md`, `LICENSE` — skip the review and push. Say in one line that you skipped it because the diff is docs-only.
  - Otherwise (any source, config, test, schema, lockfile, build or CI change, including a diff that mixes those with docs) review before pushing. When in doubt, review.

The review:
  1. Run `tracks review`. It runs the reviewer as a separate agent session that has not seen this conversation, so it reads your diff with fresh eyes rather than re-reading your own reasoning. Do NOT review the diff yourself instead, and do NOT invoke `agent` directly — `tracks review` is what stops a reviewer reviewing itself.
  2. Read its report. It ends with `REVIEW OUTCOME: pass` or `REVIEW OUTCOME: blocked`.
  3. If blocked, address every `block` finding and run `tracks review` again. Do not push with unresolved blocks.
  4. If `tracks review` itself fails (command not found, no changes, reviewer unavailable), say so plainly and review the diff yourself as a fallback, ending with the same `REVIEW OUTCOME:` line — a degraded review beats a skipped one, but say which you did.

If you open a pull request at any point, include the URL on its own line as `TRACKS_PR_URL=<url>` so the tracks dashboard surfaces it. If you open several, emit one such line per PR.

**Track terminal.** When the user asks for a terminal or shell in the track'\''\'\'''\''s worktree, run `tracks terminal`. It opens an interactive shell in the track window'\''\'\'''\''s right-hand pane column and returns immediately. `$TRACKS_ID` is already set, so do not pass `--track`.

Keep your output terse and your diffs comment-free unless the repo'\''\'\'''\''s conventions ask otherwise — these sessions are read in a dashboard.'\'' --resume '\''11111111-2222-4333-8444-555555555555'\'' --force --workspace '\''/tmp/track/worktrees/api'\'' --model '\''opus'\''
code=$?
tmux set-option -w -t "$TMUX_PANE" @tracks_exit "$code" 2>/dev/null
exec ${SHELL:-bash} -l'

=== work not auto
dir: /tmp/track/worktrees/api

TRACKS_ID='20260928-101500-abc123' TRACKS_SOCKET_DIR='/data/tracks' PATH='/data/tracks/bin':"$PATH" sh -c ''\''agent'\'' '\''Fix what'\''\'\'''\''s flaky in "CI" $HOME

**Links you cannot read.** If the task links to something you cannot open (a Jira ticket, a Confluence page, a Google Doc, a Figma file, a GitHub page) because an MCP server is missing or not authenticated, or the page needs a login, STOP before you plan, explore or change anything. Do not guess what it says and do not make a plan from the rest of the prompt: the link usually holds the requirements. Tell the user which link failed and why, then ask one question: should you wait while they authenticate or add the MCP server, or skip the link and go on without it? Wait for the answer. If they authenticated, read the link again before anything else. The same applies when a subagent reports that it could not read a link.

You'\''\'\'''\''re running interactively inside a `tracks` worktree (the TRACKS_ID env var is set). The user can switch into this tmux pane at any time to reply. Stay engaged: if the task naturally ends with a question or a confirmation, ask it and wait — do NOT wrap up the session just to acknowledge completion.

**Review before pushing (code changes only).** Before you run `git push` or open a pull request, check what the branch actually changes with `git diff --name-only <base>...HEAD`:
  - If every changed path is documentation or agent configuration — `*.md`, `*.mdx`, `*.txt`, `docs/**`, `.cursor/**`, `.claude/**`, `AGENTS.md`, `CLAUDE.md`, `LICENSE` — skip the review and push. Say in one line that you skipped it because the diff is docs-only.
  - Otherwise (any source, config, test, schema, lockfile, build or CI change, including a diff that mixes those with docs) review before pushing. When in doubt, review.

The review:
  1. Run `tracks review`. It runs the reviewer as a separate agent session that has not seen this conversation, so it reads your diff with fresh eyes rather than re-reading your own reasoning. Do NOT review the diff yourself instead, and do NOT invoke `agent` directly — `tracks review` is what stops a reviewer reviewing itself.
  2. Read its report. It ends with `REVIEW OUTCOME: pass` or `REVIEW OUTCOME: blocked`.
  3. If blocked, address every `block` finding and run `tracks review` again. Do not push with unresolved blocks.
  4. If `tracks review` itself fails (command not found, no changes, reviewer unavailable), say so plainly and review the diff yourself as a fallback, ending with the same `REVIEW OUTCOME:` line — a degraded review beats a skipped one, but say which you did.

If you open a pull request at any point, include the URL on its own line as `TRACKS_PR_URL=<url>` so the tracks dashboard surfaces it. If you open several, emit one such line per PR.

**Track terminal.** When the user asks for a terminal or shell in the track'\''\'\'''\''s worktree, run `tracks terminal`. It opens an interactive shell in the track window'\''\'\'''\''s right-hand pane column and returns immediately. `$TRACKS_ID` is already set, so do not pass `--track`.

Keep your output terse and your diffs comment-free unless the repo'\''\'\'''\''s conventions ask otherwise — these sessions are read in a dashboard.'\'' --resume '\''11111111-2222-4333-8444-555555555555'\'' --workspace '\''/tmp/track/worktrees/api'\''
code=$?
tmux set-option -w -t "$TMUX_PANE" @tracks_exit "$code" 2>/dev/null
exec ${SHELL:-bash} -l'

=== work all drafts
dir: /tmp/track/worktrees/api

TRACKS_ID='20260928-101500-abc123' TRACKS_SOCKET_DIR='/data/tracks' PATH='/data/tracks/bin':"$PATH" sh -c ''\''agent'\'' '\''Fix what'\''\'\'''\''s flaky in "CI" $HOME

**Links you cannot read.** If the task links to something you cannot open (a Jira ticket, a Confluence page, a Google Doc, a Figma file, a GitHub page) because an MCP server is missing or not authenticated, or the page needs a login, STOP before you plan, explore or change anything. Do not guess what it says and do not make a plan from the rest of the prompt: the link usually holds the requirements. Tell the user which link failed and why, then ask one question: should you wait while they authenticate or add the MCP server, or skip the link and go on without it? Wait for the answer. If they authenticated, read the link again before anything else. The same applies when a subagent reports that it could not read a link.

You'\''\'\'''\''re running interactively inside a `tracks` worktree (the TRACKS_ID env var is set). The user can switch into this tmux pane at any time to reply. Stay engaged: if the task naturally ends with a question or a confirmation, ask it and wait — do NOT wrap up the session just to acknowledge completion.

**Review before pushing (code changes only).** Before you run `git push` or open a pull request, check what the branch actually changes with `git diff --name-only <base>...HEAD`:
  - If every changed path is documentation or agent configuration — `*.md`, `*.mdx`, `*.txt`, `docs/**`, `.cursor/**`, `.claude/**`, `AGENTS.md`, `CLAUDE.md`, `LICENSE` — skip the review and push. Say in one line that you skipped it because the diff is docs-only.
  - Otherwise (any source, config, test, schema, lockfile, build or CI change, including a diff that mixes those with docs) review before pushing. When in doubt, review.

The review:
  1. Run `tracks review`. It runs the reviewer as a separate agent session that has not seen this conversation, so it reads your diff with fresh eyes rather than re-reading your own reasoning. Do NOT review the diff yourself instead, and do NOT invoke `agent` directly — `tracks review` is what stops a reviewer reviewing itself.
  2. Read its report. It ends with `REVIEW OUTCOME: pass` or `REVIEW OUTCOME: blocked`.
  3. If blocked, address every `block` finding and run `tracks review` again. Do not push with unresolved blocks.
  4. If `tracks review` itself fails (command not found, no changes, reviewer unavailable), say so plainly and review the diff yourself as a fallback, ending with the same `REVIEW OUTCOME:` line — a degraded review beats a skipped one, but say which you did.

If you open a pull request at any point, include the URL on its own line as `TRACKS_PR_URL=<url>` so the tracks dashboard surfaces it. If you open several, emit one such line per PR.

**Track terminal.** When the user asks for a terminal or shell in the track'\''\'\'''\''s worktree, run `tracks terminal`. It opens an interactive shell in the track window'\''\'\'''\''s right-hand pane column and returns immediately. `$TRACKS_ID` is already set, so do not pass `--track`.

Keep your output terse and your diffs comment-free unless the repo'\''\'\'''\''s conventions ask otherwise — these sessions are read in a dashboard.

When you open a pull request, open it as a **draft** (`gh pr create --draft`) unless the user asks otherwise.'\'' --resume '\''11111111-2222-4333-8444-555555555555'\'' --force --workspace '\''/tmp/track/worktrees/api'\''
code=$?
tmux set-option -w -t "$TMUX_PANE" @tracks_exit "$code" 2>/dev/null
exec ${SHELL:-bash} -l'

=== work some drafts
dir: /tmp/track/worktrees/api

TRACKS_ID='20260928-101500-abc123' TRACKS_SOCKET_DIR='/data/tracks' PATH='/data/tracks/bin':"$PATH" sh -c ''\''agent'\'' '\''Fix what'\''\'\'''\''s flaky in "CI" $HOME

**Links you cannot read.** If the task links to something you cannot open (a Jira ticket, a Confluence page, a Google Doc, a Figma file, a GitHub page) because an MCP server is missing or not authenticated, or the page needs a login, STOP before you plan, explore or change anything. Do not guess what it says and do not make a plan from the rest of the prompt: the link usually holds the requirements. Tell the user which link failed and why, then ask one question: should you wait while they authenticate or add the MCP server, or skip the link and go on without it? Wait for the answer. If they authenticated, read the link again before anything else. The same applies when a subagent reports that it could not read a link.

You'\''\'\'''\''re running interactively inside a `tracks` worktree (the TRACKS_ID env var is set). The user can switch into this tmux pane at any time to reply. Stay engaged: if the task naturally ends with a question or a confirmation, ask it and wait — do NOT wrap up the session just to acknowledge completion.

**Review before pushing (code changes only).** Before you run `git push` or open a pull request, check what the branch actually changes with `git diff --name-only <base>...HEAD`:
  - If every changed path is documentation or agent configuration — `*.md`, `*.mdx`, `*.txt`, `docs/**`, `.cursor/**`, `.claude/**`, `AGENTS.md`, `CLAUDE.md`, `LICENSE` — skip the review and push. Say in one line that you skipped it because the diff is docs-only.
  - Otherwise (any source, config, test, schema, lockfile, build or CI change, including a diff that mixes those with docs) review before pushing. When in doubt, review.

The review:
  1. Run `tracks review`. It runs the reviewer as a separate agent session that has not seen this conversation, so it reads your diff with fresh eyes rather than re-reading your own reasoning. Do NOT review the diff yourself instead, and do NOT invoke `agent` directly — `tracks review` is what stops a reviewer reviewing itself.
  2. Read its report. It ends with `REVIEW OUTCOME: pass` or `REVIEW OUTCOME: blocked`.
  3. If blocked, address every `block` finding and run `tracks review` again. Do not push with unresolved blocks.
  4. If `tracks review` itself fails (command not found, no changes, reviewer unavailable), say so plainly and review the diff yourself as a fallback, ending with the same `REVIEW OUTCOME:` line — a degraded review beats a skipped one, but say which you did.

If you open a pull request at any point, include the URL on its own line as `TRACKS_PR_URL=<url>` so the tracks dashboard surfaces it. If you open several, emit one such line per PR.

**Track terminal.** When the user asks for a terminal or shell in the track'\''\'\'''\''s worktree, run `tracks terminal`. It opens an interactive shell in the track window'\''\'\'''\''s right-hand pane column and returns immediately. `$TRACKS_ID` is already set, so do not pass `--track`.

Keep your output terse and your diffs comment-free unless the repo'\''\'\'''\''s conventions ask otherwise — these sessions are read in a dashboard.

When you open a pull request for any of these repos, open it as a **draft** (`gh pr create --draft`) unless the user asks otherwise: web.'\'' --resume '\''11111111-2222-4333-8444-555555555555'\'' --force --workspace '\''/tmp/track/worktrees/api'\'' --add-dir '\''/tmp/track/worktrees/web'\''
code=$?
tmux set-option -w -t "$TMUX_PANE" @tracks_exit "$code" 2>/dev/null
exec ${SHELL:-bash} -l'

=== work with setup
dir: /tmp/track/worktrees/api

TRACKS_ID='20260928-101500-abc123' TRACKS_SOCKET_DIR='/data/tracks' PATH='/data/tracks/bin':"$PATH" sh -c ''\''agent'\'' '\''Fix what'\''\'\'''\''s flaky in "CI" $HOME

**Links you cannot read.** If the task links to something you cannot open (a Jira ticket, a Confluence page, a Google Doc, a Figma file, a GitHub page) because an MCP server is missing or not authenticated, or the page needs a login, STOP before you plan, explore or change anything. Do not guess what it says and do not make a plan from the rest of the prompt: the link usually holds the requirements. Tell the user which link failed and why, then ask one question: should you wait while they authenticate or add the MCP server, or skip the link and go on without it? Wait for the answer. If they authenticated, read the link again before anything else. The same applies when a subagent reports that it could not read a link.

You'\''\'\'''\''re running interactively inside a `tracks` worktree (the TRACKS_ID env var is set). The user can switch into this tmux pane at any time to reply. Stay engaged: if the task naturally ends with a question or a confirmation, ask it and wait — do NOT wrap up the session just to acknowledge completion.

**Review before pushing (code changes only).** Before you run `git push` or open a pull request, check what the branch actually changes with `git diff --name-only <base>...HEAD`:
  - If every changed path is documentation or agent configuration — `*.md`, `*.mdx`, `*.txt`, `docs/**`, `.cursor/**`, `.claude/**`, `AGENTS.md`, `CLAUDE.md`, `LICENSE` — skip the review and push. Say in one line that you skipped it because the diff is docs-only.
  - Otherwise (any source, config, test, schema, lockfile, build or CI change, including a diff that mixes those with docs) review before pushing. When in doubt, review.

The review:
  1. Run `tracks review`. It runs the reviewer as a separate agent session that has not seen this conversation, so it reads your diff with fresh eyes rather than re-reading your own reasoning. Do NOT review the diff yourself instead, and do NOT invoke `agent` directly — `tracks review` is what stops a reviewer reviewing itself.
  2. Read its report. It ends with `REVIEW OUTCOME: pass` or `REVIEW OUTCOME: blocked`.
  3. If blocked, address every `block` finding and run `tracks review` again. Do not push with unresolved blocks.
  4. If `tracks review` itself fails (command not found, no changes, reviewer unavailable), say so plainly and review the diff yourself as a fallback, ending with the same `REVIEW OUTCOME:` line — a degraded review beats a skipped one, but say which you did.

If you open a pull request at any point, include the URL on its own line as `TRACKS_PR_URL=<url>` so the tracks dashboard surfaces it. If you open several, emit one such line per PR.

**Track terminal.** When the user asks for a terminal or shell in the track'\''\'\'''\''s worktree, run `tracks terminal`. It opens an interactive shell in the track window'\''\'\'''\''s right-hand pane column and returns immediately. `$TRACKS_ID` is already set, so do not pass `--track`.

Keep your output terse and your diffs comment-free unless the repo'\''\'\'''\''s conventions ask otherwise — these sessions are read in a dashboard.

**Setup.** Tracks runs this track'\''\'\'''\''s setup (such as installing dependencies) in a pane of the track'\''\'\'''\''s window, which may still be running. Before you build, test, run or install anything, run `tracks setup --wait`: it waits until the setup has finished, and starts it first if it hasn'\''\'\'''\''t run yet. Never install dependencies yourself while it runs. If it reports a failure, tell the user what failed and wait: don'\''\'\'''\''t fix it, run it again or work around it unless they ask. Run `tracks setup` to run a failed setup again only when the user asks.'\'' --resume '\''11111111-2222-4333-8444-555555555555'\'' --force --workspace '\''/tmp/track/worktrees/api'\''
code=$?
tmux set-option -w -t "$TMUX_PANE" @tracks_exit "$code" 2>/dev/null
exec ${SHELL:-bash} -l'

=== work with setup and dev servers
dir: /tmp/track/worktrees/api

TRACKS_ID='20260928-101500-abc123' TRACKS_SOCKET_DIR='/data/tracks' PATH='/data/tracks/bin':"$PATH" sh -c ''\''agent'\'' '\''Fix what'\''\'\'''\''s flaky in "CI" $HOME

**Links you cannot read.** If the task links to something you cannot open (a Jira ticket, a Confluence page, a Google Doc, a Figma file, a GitHub page) because an MCP server is missing or not authenticated, or the page needs a login, STOP before you plan, explore or change anything. Do not guess what it says and do not make a plan from the rest of the prompt: the link usually holds the requirements. Tell the user which link failed and why, then ask one question: should you wait while they authenticate or add the MCP server, or skip the link and go on without it? Wait for the answer. If they authenticated, read the link again before anything else. The same applies when a subagent reports that it could not read a link.

You'\''\'\'''\''re running interactively inside a `tracks` worktree (the TRACKS_ID env var is set). The user can switch into this tmux pane at any time to reply. Stay engaged: if the task naturally ends with a question or a confirmation, ask it and wait — do NOT wrap up the session just to acknowledge completion.

**Review before pushing (code changes only).** Before you run `git push` or open a pull request, check what the branch actually changes with `git diff --name-only <base>...HEAD`:
  - If every changed path is documentation or agent configuration — `*.md`, `*.mdx`, `*.txt`, `docs/**`, `.cursor/**`, `.claude/**`, `AGENTS.md`, `CLAUDE.md`, `LICENSE` — skip the review and push. Say in one line that you skipped it because the diff is docs-only.
  - Otherwise (any source, config, test, schema, lockfile, build or CI change, including a diff that mixes those with docs) review before pushing. When in doubt, review.

The review:
  1. Run `tracks review`. It runs the reviewer as a separate agent session that has not seen this conversation, so it reads your diff with fresh eyes rather than re-reading your own reasoning. Do NOT review the diff yourself instead, and do NOT invoke `agent` directly — `tracks review` is what stops a reviewer reviewing itself.
  2. Read its report. It ends with `REVIEW OUTCOME: pass` or `REVIEW OUTCOME: blocked`.
  3. If blocked, address every `block` finding and run `tracks review` again. Do not push with unresolved blocks.
  4. If `tracks review` itself fails (command not found, no changes, reviewer unavailable), say so plainly and review the diff yourself as a fallback, ending with the same `REVIEW OUTCOME:` line — a degraded review beats a skipped one, but say which you did.

If you open a pull request at any point, include the URL on its own line as `TRACKS_PR_URL=<url>` so the tracks dashboard surfaces it. If you open several, emit one such line per PR.

**Track terminal.** When the user asks for a terminal or shell in the track'\''\'\'''\''s worktree, run `tracks terminal`. It opens an interactive shell in the track window'\''\'\'''\''s right-hand pane column and returns immediately. `$TRACKS_ID` is already set, so do not pass `--track`.

Keep your output terse and your diffs comment-free unless the repo'\''\'\'''\''s conventions ask otherwise — these sessions are read in a dashboard.

**Setup.** Tracks runs this track'\''\'\'''\''s setup (such as installing dependencies) in a pane of the track'\''\'\'''\''s window, which may still be running. Before you build, test, run or install anything, run `tracks setup --wait`: it waits until the setup has finished, and starts it first if it hasn'\''\'\'''\''t run yet. Never install dependencies yourself while it runs. If it reports a failure, tell the user what failed and wait: don'\''\'\'''\''t fix it, run it again or work around it unless they ask. Run `tracks setup` to run a failed setup again only when the user asks.

**Dev servers.** Tracks runs this track'\''\'\'''\''s dev servers, each in a pane of the track'\''\'\'''\''s window, on a port it picks. Start them with `tracks up`, or one with `tracks up <server>`, and stop them with `tracks down [server]`. `tracks servers` lists them with their state and port, `tracks url <server>` prints one'\''\'\'''\''s address, and `tracks logs <server>` shows what one printed. Never start a dev server yourself, such as with `pnpm dev`: run `tracks up` instead. If a server doesn'\''\'\'''\''t start, crashes or reports an error, tell the user what `tracks up` printed or `tracks logs` shows and wait: don'\''\'\'''\''t restart it, change it or work around it unless they ask. The error may be expected while other work is pending.'\'' --resume '\''11111111-2222-4333-8444-555555555555'\'' --force --workspace '\''/tmp/track/worktrees/api'\''
code=$?
tmux set-option -w -t "$TMUX_PANE" @tracks_exit "$code" 2>/dev/null
exec ${SHELL:-bash} -l'

=== review with dev servers
dir: /tmp/track/worktrees/api

TRACKS_ID='20260928-101500-abc123' TRACKS_SOCKET_DIR='/data/tracks' PATH='/data/tracks/bin':"$PATH" sh -c ''\''agent'\'' '\''Fix what'\''\'\'''\''s flaky in "CI" $HOME

**Links you cannot read.** If the task links to something you cannot open (a Jira ticket, a Confluence page, a Google Doc, a Figma file, a GitHub page) because an MCP server is missing or not authenticated, or the page needs a login, STOP before you plan, explore or change anything. Do not guess what it says and do not make a plan from the rest of the prompt: the link usually holds the requirements. Tell the user which link failed and why, then ask one question: should you wait while they authenticate or add the MCP server, or skip the link and go on without it? Wait for the answer. If they authenticated, read the link again before anything else. The same applies when a subagent reports that it could not read a link.

You'\''\'\'''\''re running interactively inside a `tracks` worktree (the TRACKS_ID env var is set). The user can switch into this tmux pane at any time to reply. Stay engaged: if the task naturally ends with a question or a confirmation, ask it and wait — do NOT wrap up the session just to acknowledge completion.

**Review before pushing (code changes only).** Before you run `git push` or open a pull request, check what the branch actually changes with `git diff --name-only <base>...HEAD`:
  - If every changed path is documentation or agent configuration — `*.md`, `*.mdx`, `*.txt`, `docs/**`, `.cursor/**`, `.claude/**`, `AGENTS.md`, `CLAUDE.md`, `LICENSE` — skip the review and push. Say in one line that you skipped it because the diff is docs-only.
  - Otherwise (any source, config, test, schema, lockfile, build or CI change, including a diff that mixes those with docs) review before pushing. When in doubt, review.

The review:
  1. Run `tracks review`. It runs the reviewer as a separate agent session that has not seen this conversation, so it reads your diff with fresh eyes rather than re-reading your own reasoning. Do NOT review the diff yourself instead, and do NOT invoke `agent` directly — `tracks review` is what stops a reviewer reviewing itself.
  2. Read its report. It ends with `REVIEW OUTCOME: pass` or `REVIEW OUTCOME: blocked`.
  3. If blocked, address every `block` finding and run `tracks review` again. Do not push with unresolved blocks.
  4. If `tracks review` itself fails (command not found, no changes, reviewer unavailable), say so plainly and review the diff yourself as a fallback, ending with the same `REVIEW OUTCOME:` line — a degraded review beats a skipped one, but say which you did.

If you open a pull request at any point, include the URL on its own line as `TRACKS_PR_URL=<url>` so the tracks dashboard surfaces it. If you open several, emit one such line per PR.

**Track terminal.** When the user asks for a terminal or shell in the track'\''\'\'''\''s worktree, run `tracks terminal`. It opens an interactive shell in the track window'\''\'\'''\''s right-hand pane column and returns immediately. `$TRACKS_ID` is already set, so do not pass `--track`.

Keep your output terse and your diffs comment-free unless the repo'\''\'\'''\''s conventions ask otherwise — these sessions are read in a dashboard.

**Dev servers.** Tracks runs this track'\''\'\'''\''s dev servers, each in a pane of the track'\''\'\'''\''s window, on a port it picks. Start them with `tracks up`, or one with `tracks up <server>`, and stop them with `tracks down [server]`. `tracks servers` lists them with their state and port, `tracks url <server>` prints one'\''\'\'''\''s address, and `tracks logs <server>` shows what one printed. Never start a dev server yourself, such as with `pnpm dev`: run `tracks up` instead. If a server doesn'\''\'\'''\''t start, crashes or reports an error, tell the user what `tracks up` printed or `tracks logs` shows and wait: don'\''\'\'''\''t restart it, change it or work around it unless they ask. The error may be expected while other work is pending.

**Review candor: 3/10** (direct — plain statements, no hedging) — 1 is radical candor, 10 is honest but gently framed. Candor governs wording only: it never changes which findings you report, their severity, or the verdict.'\'' --resume '\''11111111-2222-4333-8444-555555555555'\'' --force --workspace '\''/tmp/track/worktrees/api'\''
code=$?
tmux set-option -w -t "$TMUX_PANE" @tracks_exit "$code" 2>/dev/null
exec ${SHELL:-bash} -l'

=== review
dir: /tmp/track/worktrees/api

TRACKS_ID='20260928-101500-abc123' TRACKS_SOCKET_DIR='/data/tracks' PATH='/data/tracks/bin':"$PATH" sh -c ''\''agent'\'' '\''Fix what'\''\'\'''\''s flaky in "CI" $HOME

**Links you cannot read.** If the task links to something you cannot open (a Jira ticket, a Confluence page, a Google Doc, a Figma file, a GitHub page) because an MCP server is missing or not authenticated, or the page needs a login, STOP before you plan, explore or change anything. Do not guess what it says and do not make a plan from the rest of the prompt: the link usually holds the requirements. Tell the user which link failed and why, then ask one question: should you wait while they authenticate or add the MCP server, or skip the link and go on without it? Wait for the answer. If they authenticated, read the link again before anything else. The same applies when a subagent reports that it could not read a link.

You'\''\'\'''\''re running interactively inside a `tracks` worktree (the TRACKS_ID env var is set). The user can switch into this tmux pane at any time to reply. Stay engaged: if the task naturally ends with a question or a confirmation, ask it and wait — do NOT wrap up the session just to acknowledge completion.

**Review before pushing (code changes only).** Before you run `git push` or open a pull request, check what the branch actually changes with `git diff --name-only <base>...HEAD`:
  - If every changed path is documentation or agent configuration — `*.md`, `*.mdx`, `*.txt`, `docs/**`, `.cursor/**`, `.claude/**`, `AGENTS.md`, `CLAUDE.md`, `LICENSE` — skip the review and push. Say in one line that you skipped it because the diff is docs-only.
  - Otherwise (any source, config, test, schema, lockfile, build or CI change, including a diff that mixes those with docs) review before pushing. When in doubt, review.

The review:
  1. Run `tracks review`. It runs the reviewer as a separate agent session that has not seen this conversation, so it reads your diff with fresh eyes rather than re-reading your own reasoning. Do NOT review the diff yourself instead, and do NOT invoke `agent` directly — `tracks review` is what stops a reviewer reviewing itself.
  2. Read its report. It ends with `REVIEW OUTCOME: pass` or `REVIEW OUTCOME: blocked`.
  3. If blocked, address every `block` finding and run `tracks review` again. Do not push with unresolved blocks.
  4. If `tracks review` itself fails (command not found, no changes, reviewer unavailable), say so plainly and review the diff yourself as a fallback, ending with the same `REVIEW OUTCOME:` line — a degraded review beats a skipped one, but say which you did.

If you open a pull request at any point, include the URL on its own line as `TRACKS_PR_URL=<url>` so the tracks dashboard surfaces it. If you open several, emit one such line per PR.

**Track terminal.** When the user asks for a terminal or shell in the track'\''\'\'''\''s worktree, run `tracks terminal`. It opens an interactive shell in the track window'\''\'\'''\''s right-hand pane column and returns immediately. `$TRACKS_ID` is already set, so do not pass `--track`.

Keep your output terse and your diffs comment-free unless the repo'\''\'\'''\''s conventions ask otherwise — these sessions are read in a dashboard.

**Review candor: 3/10** (direct — plain statements, no hedging) — 1 is radical candor, 10 is honest but gently framed. Candor governs wording only: it never changes which findings you report, their severity, or the verdict.'\'' --resume '\''11111111-2222-4333-8444-555555555555'\'' --force --workspace '\''/tmp/track/worktrees/api'\''
code=$?
tmux set-option -w -t "$TMUX_PANE" @tracks_exit "$code" 2>/dev/null
exec ${SHELL:-bash} -l'

=== review blunt
dir: /tmp/track/worktrees/api

TRACKS_ID='20260928-101500-abc123' TRACKS_SOCKET_DIR='/data/tracks' PATH='/data/tracks/bin':"$PATH" sh -c ''\''agent'\'' '\''Fix what'\''\'\'''\''s flaky in "CI" $HOME

**Links you cannot read.** If the task links to something you cannot open (a Jira ticket, a Confluence page, a Google Doc, a Figma file, a GitHub page) because an MCP server is missing or not authenticated, or the page needs a login, STOP before you plan, explore or change anything. Do not guess what it says and do not make a plan from the rest of the prompt: the link usually holds the requirements. Tell the user which link failed and why, then ask one question: should you wait while they authenticate or add the MCP server, or skip the link and go on without it? Wait for the answer. If they authenticated, read the link again before anything else. The same applies when a subagent reports that it could not read a link.

You'\''\'\'''\''re running interactively inside a `tracks` worktree (the TRACKS_ID env var is set). The user can switch into this tmux pane at any time to reply. Stay engaged: if the task naturally ends with a question or a confirmation, ask it and wait — do NOT wrap up the session just to acknowledge completion.

**Review before pushing (code changes only).** Before you run `git push` or open a pull request, check what the branch actually changes with `git diff --name-only <base>...HEAD`:
  - If every changed path is documentation or agent configuration — `*.md`, `*.mdx`, `*.txt`, `docs/**`, `.cursor/**`, `.claude/**`, `AGENTS.md`, `CLAUDE.md`, `LICENSE` — skip the review and push. Say in one line that you skipped it because the diff is docs-only.
  - Otherwise (any source, config, test, schema, lockfile, build or CI change, including a diff that mixes those with docs) review before pushing. When in doubt, review.

The review:
  1. Run `tracks review`. It runs the reviewer as a separate agent session that has not seen this conversation, so it reads your diff with fresh eyes rather than re-reading your own reasoning. Do NOT review the diff yourself instead, and do NOT invoke `agent` directly — `tracks review` is what stops a reviewer reviewing itself.
  2. Read its report. It ends with `REVIEW OUTCOME: pass` or `REVIEW OUTCOME: blocked`.
  3. If blocked, address every `block` finding and run `tracks review` again. Do not push with unresolved blocks.
  4. If `tracks review` itself fails (command not found, no changes, reviewer unavailable), say so plainly and review the diff yourself as a fallback, ending with the same `REVIEW OUTCOME:` line — a degraded review beats a skipped one, but say which you did.

If you open a pull request at any point, include the URL on its own line as `TRACKS_PR_URL=<url>` so the tracks dashboard surfaces it. If you open several, emit one such line per PR.

**Track terminal.** When the user asks for a terminal or shell in the track'\''\'\'''\''s worktree, run `tracks terminal`. It opens an interactive shell in the track window'\''\'\'''\''s right-hand pane column and returns immediately. `$TRACKS_ID` is already set, so do not pass `--track`.

Keep your output terse and your diffs comment-free unless the repo'\''\'\'''\''s conventions ask otherwise — these sessions are read in a dashboard.

**Review candor: 1/10** (radical candor — lead with the problem, no cushioning) — 1 is radical candor, 10 is honest but gently framed. Candor governs wording only: it never changes which findings you report, their severity, or the verdict.'\'' --resume '\''11111111-2222-4333-8444-555555555555'\'' --force --workspace '\''/tmp/track/worktrees/api'\'' --add-dir '\''/tmp/track/worktrees/web'\''
code=$?
tmux set-option -w -t "$TMUX_PANE" @tracks_exit "$code" 2>/dev/null
exec ${SHELL:-bash} -l'

=== ask
dir: /tmp/track/api

TRACKS_ID='20260928-101500-abc123' TRACKS_SOCKET_DIR='/data/tracks' PATH='/data/tracks/bin':"$PATH" sh -c ''\''agent'\'' '\''Fix what'\''\'\'''\''s flaky in "CI" $HOME

**Links you cannot read.** If the task links to something you cannot open (a Jira ticket, a Confluence page, a Google Doc, a Figma file, a GitHub page) because an MCP server is missing or not authenticated, or the page needs a login, STOP before you plan, explore or change anything. Do not guess what it says and do not make a plan from the rest of the prompt: the link usually holds the requirements. Tell the user which link failed and why, then ask one question: should you wait while they authenticate or add the MCP server, or skip the link and go on without it? Wait for the answer. If they authenticated, read the link again before anything else. The same applies when a subagent reports that it could not read a link.

**This is a read-only track.** You are pointed at the user'\''\'\'''\''s primary checkout — the working copy their editor uses — NOT a throwaway worktree. Do not modify any files, create branches, or run mutating commands; investigate and answer (or produce a plan) only. When the user is ready to implement, the track can be promoted to its own worktree with `tracks promote <id>`.'\'' --resume '\''11111111-2222-4333-8444-555555555555'\'' --mode '\''ask'\'' --workspace '\''/tmp/track/api'\''
code=$?
tmux set-option -w -t "$TMUX_PANE" @tracks_exit "$code" 2>/dev/null
exec ${SHELL:-bash} -l'

=== ask alone
dir: ~

TRACKS_ID='20260928-101500-abc123' TRACKS_SOCKET_DIR='/data/tracks' PATH='/data/tracks/bin':"$PATH" sh -c ''\''agent'\'' '\''Fix what'\''\'\'''\''s flaky in "CI" $HOME

**Links you cannot read.** If the task links to something you cannot open (a Jira ticket, a Confluence page, a Google Doc, a Figma file, a GitHub page) because an MCP server is missing or not authenticated, or the page needs a login, STOP before you plan, explore or change anything. Do not guess what it says and do not make a plan from the rest of the prompt: the link usually holds the requirements. Tell the user which link failed and why, then ask one question: should you wait while they authenticate or add the MCP server, or skip the link and go on without it? Wait for the answer. If they authenticated, read the link again before anything else. The same applies when a subagent reports that it could not read a link.'\'' --resume '\''11111111-2222-4333-8444-555555555555'\'' --mode '\''ask'\''
code=$?
tmux set-option -w -t "$TMUX_PANE" @tracks_exit "$code" 2>/dev/null
exec ${SHELL:-bash} -l'

=== plan
dir: /tmp/track/api

TRACKS_ID='20260928-101500-abc123' TRACKS_SOCKET_DIR='/data/tracks' PATH='/data/tracks/bin':"$PATH" sh -c ''\''agent'\'' '\''Fix what'\''\'\'''\''s flaky in "CI" $HOME

**Links you cannot read.** If the task links to something you cannot open (a Jira ticket, a Confluence page, a Google Doc, a Figma file, a GitHub page) because an MCP server is missing or not authenticated, or the page needs a login, STOP before you plan, explore or change anything. Do not guess what it says and do not make a plan from the rest of the prompt: the link usually holds the requirements. Tell the user which link failed and why, then ask one question: should you wait while they authenticate or add the MCP server, or skip the link and go on without it? Wait for the answer. If they authenticated, read the link again before anything else. The same applies when a subagent reports that it could not read a link.

**This is a read-only track.** You are pointed at the user'\''\'\'''\''s primary checkout — the working copy their editor uses — NOT a throwaway worktree. Do not modify any files, create branches, or run mutating commands; investigate and answer (or produce a plan) only. When the user is ready to implement, the track can be promoted to its own worktree with `tracks promote <id>`.'\'' --resume '\''11111111-2222-4333-8444-555555555555'\'' --mode '\''plan'\'' --workspace '\''/tmp/track/api'\'' --add-dir '\''/tmp/track/web'\''
code=$?
tmux set-option -w -t "$TMUX_PANE" @tracks_exit "$code" 2>/dev/null
exec ${SHELL:-bash} -l'

=== doc file
dir: /tmp/track

TRACKS_ID='20260928-101500-abc123' TRACKS_SOCKET_DIR='/data/tracks' PATH='/data/tracks/bin':"$PATH" sh -c ''\''agent'\'' '\''Fix what'\''\'\'''\''s flaky in "CI" $HOME

**Links you cannot read.** If the task links to something you cannot open (a Jira ticket, a Confluence page, a Google Doc, a Figma file, a GitHub page) because an MCP server is missing or not authenticated, or the page needs a login, STOP before you plan, explore or change anything. Do not guess what it says and do not make a plan from the rest of the prompt: the link usually holds the requirements. Tell the user which link failed and why, then ask one question: should you wait while they authenticate or add the MCP server, or skip the link and go on without it? Wait for the answer. If they authenticated, read the link again before anything else. The same applies when a subagent reports that it could not read a link.

You'\''\'\'''\''re running interactively inside a `tracks` doc-review track. The user can switch into this tmux pane at any time to reply.

**The document under review is:** `/tmp/track/spec.md`

Read it in full before commenting. Judge the argument, the content, the order it is told in, and how well it reads. Report findings grouped by severity alongside what the document does well, and be concrete: quote the line you mean. End your report with a `DOC REVIEW OUTCOME:` line.

**Review brief.** These are the user'\''\'\'''\''s settings for this review. They are not defaults for you to reinterpret, and a section switched off must stay off:

  - Candor level: 7/10
  - Opinion section: ON
  - Claim check section: ON

Candor governs wording only. It never changes which findings the review reports, their severity, or the verdict.

**Then ask whether to save it.** After presenting the report, ask the user a single question: whether to write it to a markdown file next to the document (`<document-basename>.review.md`). Wait for the answer.
  - Only write the file if they say yes. If they name a different path, use that instead.
  - If the target file already exists, read it first and offer a dated name (`<basename>.review-YYYY-MM-DD.md`) rather than overwriting a previous review.
  - The saved file is the report as presented, plus a header line naming the reviewed document and the date.

**Write contract.** That report file is the ONLY file you may create or modify in this track. Any repos attached to this track are the user'\''\'\'''\''s PRIMARY checkouts — the working copies their editor watches — and are attached solely as read-only ground truth for checking the document'\''\'\'''\''s claims. Never edit them, never commit, never push, never open a PR, and never change a Jira ticket'\''\'\'''\''s status or assignee (this is a read-only audit).

**Response style.** These sessions are read in a dashboard — no preamble, no closing summary restating the report. Lead with the report itself.'\'' --resume '\''11111111-2222-4333-8444-555555555555'\'' --workspace '\''/tmp/track'\''
code=$?
tmux set-option -w -t "$TMUX_PANE" @tracks_exit "$code" 2>/dev/null
exec ${SHELL:-bash} -l'

=== doc folder
dir: /tmp/track/docs

TRACKS_ID='20260928-101500-abc123' TRACKS_SOCKET_DIR='/data/tracks' PATH='/data/tracks/bin':"$PATH" sh -c ''\''agent'\'' '\''Fix what'\''\'\'''\''s flaky in "CI" $HOME

**Links you cannot read.** If the task links to something you cannot open (a Jira ticket, a Confluence page, a Google Doc, a Figma file, a GitHub page) because an MCP server is missing or not authenticated, or the page needs a login, STOP before you plan, explore or change anything. Do not guess what it says and do not make a plan from the rest of the prompt: the link usually holds the requirements. Tell the user which link failed and why, then ask one question: should you wait while they authenticate or add the MCP server, or skip the link and go on without it? Wait for the answer. If they authenticated, read the link again before anything else. The same applies when a subagent reports that it could not read a link.

You'\''\'\'''\''re running interactively inside a `tracks` doc-review track. The user can switch into this tmux pane at any time to reply.

**The document under review is:** `/tmp/track/docs`

Read it in full before commenting. Judge the argument, the content, the order it is told in, and how well it reads. Report findings grouped by severity alongside what the document does well, and be concrete: quote the line you mean. End your report with a `DOC REVIEW OUTCOME:` line.

**Review brief.** These are the user'\''\'\'''\''s settings for this review. They are not defaults for you to reinterpret, and a section switched off must stay off:

  - Candor level: 3/10
  - Opinion section: OFF
  - Claim check section: OFF

Candor governs wording only. It never changes which findings the review reports, their severity, or the verdict.

**Then ask whether to save it.** After presenting the report, ask the user a single question: whether to write it to a markdown file next to the document (`<document-basename>.review.md`). Wait for the answer.
  - Only write the file if they say yes. If they name a different path, use that instead.
  - If the target file already exists, read it first and offer a dated name (`<basename>.review-YYYY-MM-DD.md`) rather than overwriting a previous review.
  - The saved file is the report as presented, plus a header line naming the reviewed document and the date.

**Write contract.** That report file is the ONLY file you may create or modify in this track. Any repos attached to this track are the user'\''\'\'''\''s PRIMARY checkouts — the working copies their editor watches — and are attached solely as read-only ground truth for checking the document'\''\'\'''\''s claims. Never edit them, never commit, never push, never open a PR, and never change a Jira ticket'\''\'\'''\''s status or assignee (this is a read-only audit).

**Response style.** These sessions are read in a dashboard — no preamble, no closing summary restating the report. Lead with the report itself.'\'' --resume '\''11111111-2222-4333-8444-555555555555'\'' --workspace '\''/tmp/track/docs'\''
code=$?
tmux set-option -w -t "$TMUX_PANE" @tracks_exit "$code" 2>/dev/null
exec ${SHELL:-bash} -l'

=== doc with repos
dir: /tmp/track/api

TRACKS_ID='20260928-101500-abc123' TRACKS_SOCKET_DIR='/data/tracks' PATH='/data/tracks/bin':"$PATH" sh -c ''\''agent'\'' '\''Fix what'\''\'\'''\''s flaky in "CI" $HOME

**Links you cannot read.** If the task links to something you cannot open (a Jira ticket, a Confluence page, a Google Doc, a Figma file, a GitHub page) because an MCP server is missing or not authenticated, or the page needs a login, STOP before you plan, explore or change anything. Do not guess what it says and do not make a plan from the rest of the prompt: the link usually holds the requirements. Tell the user which link failed and why, then ask one question: should you wait while they authenticate or add the MCP server, or skip the link and go on without it? Wait for the answer. If they authenticated, read the link again before anything else. The same applies when a subagent reports that it could not read a link.

You'\''\'\'''\''re running interactively inside a `tracks` doc-review track. The user can switch into this tmux pane at any time to reply.

**The document under review is:** `/tmp/track/spec.md`

Read it in full before commenting. Judge the argument, the content, the order it is told in, and how well it reads. Report findings grouped by severity alongside what the document does well, and be concrete: quote the line you mean. End your report with a `DOC REVIEW OUTCOME:` line.

**Review brief.** These are the user'\''\'\'''\''s settings for this review. They are not defaults for you to reinterpret, and a section switched off must stay off:

  - Candor level: 3/10
  - Opinion section: ON
  - Claim check section: ON

Candor governs wording only. It never changes which findings the review reports, their severity, or the verdict.

**Then ask whether to save it.** After presenting the report, ask the user a single question: whether to write it to a markdown file next to the document (`<document-basename>.review.md`). Wait for the answer.
  - Only write the file if they say yes. If they name a different path, use that instead.
  - If the target file already exists, read it first and offer a dated name (`<basename>.review-YYYY-MM-DD.md`) rather than overwriting a previous review.
  - The saved file is the report as presented, plus a header line naming the reviewed document and the date.

**Write contract.** That report file is the ONLY file you may create or modify in this track. Any repos attached to this track are the user'\''\'\'''\''s PRIMARY checkouts — the working copies their editor watches — and are attached solely as read-only ground truth for checking the document'\''\'\'''\''s claims. Never edit them, never commit, never push, never open a PR, and never change a Jira ticket'\''\'\'''\''s status or assignee (this is a read-only audit).

**Response style.** These sessions are read in a dashboard — no preamble, no closing summary restating the report. Lead with the report itself.'\'' --resume '\''11111111-2222-4333-8444-555555555555'\'' --workspace '\''/tmp/track/api'\'' --add-dir '\''/tmp/track/web'\'' --add-dir '\''/tmp/track'\''
code=$?
tmux set-option -w -t "$TMUX_PANE" @tracks_exit "$code" 2>/dev/null
exec ${SHELL:-bash} -l'

