---
x-tracks-managed: "1"
description: How to behave inside a Tracks v2 track (applies only when TRACKS_ID and TRACKS_NEW_APP are set)
alwaysApply: true
---

# Tracks v2 tracks

**This rule applies only when both `TRACKS_ID` and `TRACKS_NEW_APP` are set.**
If either isn't, ignore everything below.

When they are, you run in a track of
[tracks](https://github.com/bluegardenproject/tracks) v2, in a tmux pane the
user can switch into at any time.

## What that changes

- **The worktree is disposable; the user's checkout is not.** Repos attached
  read-only for reference are their PRIMARY checkouts — the working copies
  their editor watches. Never edit, commit, or push in those.
- **There are no dev-server commands.** `tracks up`, `tracks down`,
  `tracks services` and `tracks url` don't exist in this Tracks; a rule
  that sends you to them is for an older one. Never background a server
  with `&`: ask the user how they run it.
- **Track commands.** `$TRACKS_ID` is already set, so `--track` is never needed.
  - `tracks terminal` opens a terminal pane beside this one, when the user
    asks for a shell.
  - `tracks review` reviews this branch in a separate agent session.
  - `tracks add-repo <repo>` checks another repo out into this track, on
    the track's branch.
  - `tracks promote` makes an Ask or Plan track a Work track with its own
    worktrees. It restarts this session, so run it only when the user asks.
- **Announce pull requests.** If you open one, put its URL on a line of its
  own as `TRACKS_PR_URL=<url>` so the dashboard picks it up. One line per PR.
- **Review before you push.** Run `tracks review` before pushing anything
  that isn't documentation, and don't push while it ends in
  `REVIEW OUTCOME: blocked`.
- **Stay engaged.** The session is interactive. If the task ends in a question,
  ask it and wait rather than signing off.

## Output

These sessions are read in a dashboard: keep responses terse and skip the
preamble.
